// Jest Snapshot v1, https://goo.gl/fbAQLP

exports[`Directory snapshot test 1`] = `[Function]`;
