// Jest Snapshot v1, https://goo.gl/fbAQLP

exports[`Snapshot test App snapshot test 1`] = `[Function]`;
